
 RUN  v5.0.3 C:/Users/Trann/Work_Space/Document_Code/knowledge_base/examples/react-race

 × race.test.js > keeps latest result when B completes before stale A 38ms
   → expected 'A' to be 'B' // Object.is equality
 ✓ race.test.js > publishes B when responses complete in request order 6ms

⎯⎯⎯⎯⎯⎯⎯ Failed Tests 1 ⎯⎯⎯⎯⎯⎯⎯

 FAIL  race.test.js > keeps latest result when B completes before stale A
AssertionError: expected 'A' to be 'B' // Object.is equality

Expected: "B"
Received: "A"

 ❯ race.test.js:29:62
     27|   await settle('A');
     28|   // This invariant is identical for both implementations. Broken obse…
     29|   expect(screen.getByLabelText('search result').textContent).toBe('B');
       |                                                              ^
     30| });
     31|

⎯⎯⎯⎯⎯⎯⎯⎯⎯⎯⎯⎯⎯⎯⎯⎯⎯⎯⎯⎯⎯⎯⎯⎯[1/1]⎯


 Test Files  1 failed (1)
      Tests  1 failed | 1 passed (2)
   Start at  10:48:33
   Duration  13.54s (environment 86%, import 13%)

JSON report written to C:/Users/Trann/Work_Space/Document_Code/knowledge_base/evidence/react-race/broken.json
